// Jest Snapshot v1, https://goo.gl/fbAQLP

exports[`Pages/TopPage コンポーネント スナップショットテスト Renders Default story 1`] = `
{
  "asFragment": [Function],
  "baseElement": <body>
    <div>
      <nav
        class="navbar bg-slate-50 dark:bg-slate-900"
      >
        <div
          class="navbar-start"
        >
          <div
            class="dropdown"
          >
            <label
              class="btn btn-ghost lg:hidden"
              tabindex="0"
            >
              <svg
                class="h-5 w-5"
                fill="none"
                stroke="currentColor"
                viewBox="0 0 24 24"
                xmlns="http://www.w3.org/2000/svg"
              >
                <path
                  d="M4 6h16M4 12h8m-8 6h16"
                  stroke-linecap="round"
                  stroke-linejoin="round"
                  stroke-width="2"
                />
              </svg>
            </label>
            <ul
              class="menu dropdown-content menu-sm z-[1] mt-3 w-52 rounded-box bg-base-100 p-2 shadow dark:bg-slate-900"
              tabindex="0"
            >
              <li>
                <a
                  href="#"
                >
                  Item 1
                </a>
              </li>
              <li>
                <a
                  href="#"
                >
                  Parent
                </a>
                <ul
                  class="p-2"
                >
                  <li>
                    <a
                      href="#"
                    >
                      Submenu 1
                    </a>
                  </li>
                  <li>
                    <a
                      href="#"
                    >
                      Submenu 2
                    </a>
                  </li>
                </ul>
              </li>
              <li>
                <a
                  href="#"
                >
                  Item 3
                </a>
              </li>
            </ul>
          </div>
          <a
            class="btn btn-ghost text-xl"
            href="/"
          >
            <img
              alt="wikimap-logo"
              class="h-8"
              data-nimg="1"
              decoding="async"
              height="40"
              loading="lazy"
              src="/_next/image?url=https%3A%2F%2Fimagedelivery.net%2F_ZgxhjwzRQrsPvI8IazDLA%2Fe6b20493-4f2c-44ed-1bcc-0a5774ac4300%2Fpublic&w=256&q=75"
              srcset="/_next/image?url=https%3A%2F%2Fimagedelivery.net%2F_ZgxhjwzRQrsPvI8IazDLA%2Fe6b20493-4f2c-44ed-1bcc-0a5774ac4300%2Fpublic&w=128&q=75 1x, /_next/image?url=https%3A%2F%2Fimagedelivery.net%2F_ZgxhjwzRQrsPvI8IazDLA%2Fe6b20493-4f2c-44ed-1bcc-0a5774ac4300%2Fpublic&w=256&q=75 2x"
              style="color: transparent;"
              width="115"
            />
          </a>
        </div>
        <div
          class="navbar-center hidden lg:flex"
        >
          <ul
            class="menu menu-horizontal px-1"
          >
            <li>
              <a
                href="#"
              >
                Item 1
              </a>
            </li>
            <li
              tabindex="0"
            >
              <details>
                <summary>
                  Parent
                </summary>
                <ul
                  class="p-2 dark:bg-slate-900"
                >
                  <li>
                    <a
                      href="#"
                    >
                      Submenu 1
                    </a>
                  </li>
                  <li>
                    <a
                      href="#"
                    >
                      Submenu 2
                    </a>
                  </li>
                </ul>
              </details>
            </li>
            <li>
              <a
                href="#"
              >
                Item 3
              </a>
            </li>
          </ul>
        </div>
        <div
          class="navbar-end"
        >
          <a
            class="btn btn-primary"
            href="/id-sample"
          >
            アプリへ
          </a>
        </div>
      </nav>
      <section
        class="hero py-32"
        style="background-image: url(https://imagedelivery.net/_ZgxhjwzRQrsPvI8IazDLA/0e16b2d7-ec61-4094-52fc-fd4ed725ea00/public);"
      >
        <div
          class="hero-content text-center text-neutral-content"
        >
          <div
            class="max-w-md"
          >
            <h1
              class="mb-5 text-5xl font-bold"
            >
              Wikimap
            </h1>
            <p
              class="mb-5"
            >
              Provident cupiditate voluptatem et in. Quaerat fugiat ut assumenda excepturi exercitationem quasi. In deleniti eaque aut repudiandae et a id nisi.
            </p>
            <button
              class="btn btn-primary"
            >
              Get Started
            </button>
          </div>
        </div>
      </section>
      <section
        class="bg-slate-50 dark:bg-slate-900"
        id="feature"
      >
        <div
          class="py-6 sm:py-8 lg:py-12"
        >
          <div
            class="mx-auto max-w-screen-2xl px-4 md:px-8"
          >
            <div
              class="mb-10 md:mb-16"
            >
              <h2
                class="mb-4 text-center text-2xl font-bold md:mb-6 lg:text-3xl"
              >
                主な機能
              </h2>
              <p
                class="mx-auto max-w-screen-md text-center text-slate-500 md:text-lg"
              >
                This is a section of some simple filler text, also known as placeholder text. It shares some characteristics of a real written text but is random or otherwise generated.
              </p>
            </div>
            <div
              class="grid gap-8 sm:grid-cols-2 md:gap-12 xl:grid-cols-3 xl:gap-16"
            >
              <div
                class="flex gap-4 md:gap-6"
              >
                <div
                  class="flex h-12 w-12 shrink-0 items-center justify-center rounded-lg bg-primary text-white shadow-lg md:h-14 md:w-14 md:rounded-xl"
                >
                  <svg
                    class="h-6 w-6"
                    fill="none"
                    stroke="currentColor"
                    viewBox="0 0 24 24"
                    xmlns="http://www.w3.org/2000/svg"
                  >
                    <path
                      d="M13 7h8m0 0v8m0-8l-8 8-4-4-6 6"
                      stroke-linecap="round"
                      stroke-linejoin="round"
                      stroke-width="2"
                    />
                  </svg>
                </div>
                <div>
                  <h3
                    class="mb-2 text-lg font-semibold md:text-xl"
                  >
                    Growth
                  </h3>
                  <p
                    class="mb-2 text-slate-500"
                  >
                    Filler text is dummy text which has no meaning however looks very similar to real text.
                  </p>
                  <a
                    class="font-bold text-primary transition duration-100 hover:text-teal-600 active:text-teal-700"
                    href="#"
                  >
                    More
                  </a>
                </div>
              </div>
              <div
                class="flex gap-4 md:gap-6"
              >
                <div
                  class="flex h-12 w-12 shrink-0 items-center justify-center rounded-lg bg-primary text-white shadow-lg md:h-14 md:w-14 md:rounded-xl"
                >
                  <svg
                    class="h-6 w-6"
                    fill="none"
                    stroke="currentColor"
                    viewBox="0 0 24 24"
                    xmlns="http://www.w3.org/2000/svg"
                  >
                    <path
                      d="M12 15v2m-6 4h12a2 2 0 002-2v-6a2 2 0 00-2-2H6a2 2 0 00-2 2v6a2 2 0 002 2zm10-10V7a4 4 0 00-8 0v4h8z"
                      stroke-linecap="round"
                      stroke-linejoin="round"
                      stroke-width="2"
                    />
                  </svg>
                </div>
                <div>
                  <h3
                    class="mb-2 text-lg font-semibold md:text-xl"
                  >
                    Security
                  </h3>
                  <p
                    class="mb-2 text-slate-500"
                  >
                    Filler text is dummy text which has no meaning however looks very similar to real text.
                  </p>
                  <a
                    class="font-bold text-primary transition duration-100 hover:text-teal-600 active:text-teal-700"
                    href="#"
                  >
                    More
                  </a>
                </div>
              </div>
              <div
                class="flex gap-4 md:gap-6"
              >
                <div
                  class="flex h-12 w-12 shrink-0 items-center justify-center rounded-lg bg-primary text-white shadow-lg md:h-14 md:w-14 md:rounded-xl"
                >
                  <svg
                    class="h-6 w-6"
                    fill="none"
                    stroke="currentColor"
                    viewBox="0 0 24 24"
                    xmlns="http://www.w3.org/2000/svg"
                  >
                    <path
                      d="M3 15a4 4 0 004 4h9a5 5 0 10-.1-9.999 5.002 5.002 0 10-9.78 2.096A4.001 4.001 0 003 15z"
                      stroke-linecap="round"
                      stroke-linejoin="round"
                      stroke-width="2"
                    />
                  </svg>
                </div>
                <div>
                  <h3
                    class="mb-2 text-lg font-semibold md:text-xl"
                  >
                    Cloud
                  </h3>
                  <p
                    class="mb-2 text-slate-500"
                  >
                    Filler text is dummy text which has no meaning however looks very similar to real text.
                  </p>
                  <a
                    class="font-bold text-primary transition duration-100 hover:text-teal-600 active:text-teal-700"
                    href="#"
                  >
                    More
                  </a>
                </div>
              </div>
              <div
                class="flex gap-4 md:gap-6"
              >
                <div
                  class="flex h-12 w-12 shrink-0 items-center justify-center rounded-lg bg-primary text-white shadow-lg md:h-14 md:w-14 md:rounded-xl"
                >
                  <svg
                    class="h-6 w-6"
                    fill="none"
                    stroke="currentColor"
                    viewBox="0 0 24 24"
                    xmlns="http://www.w3.org/2000/svg"
                  >
                    <path
                      d="M13 10V3L4 14h7v7l9-11h-7z"
                      stroke-linecap="round"
                      stroke-linejoin="round"
                      stroke-width="2"
                    />
                  </svg>
                </div>
                <div>
                  <h3
                    class="mb-2 text-lg font-semibold md:text-xl"
                  >
                    Speed
                  </h3>
                  <p
                    class="mb-2 text-slate-500"
                  >
                    Filler text is dummy text which has no meaning however looks very similar to real text.
                  </p>
                  <a
                    class="font-bold text-primary transition duration-100 hover:text-teal-600 active:text-teal-700"
                    href="#"
                  >
                    More
                  </a>
                </div>
              </div>
              <div
                class="flex gap-4 md:gap-6"
              >
                <div
                  class="flex h-12 w-12 shrink-0 items-center justify-center rounded-lg bg-primary text-white shadow-lg md:h-14 md:w-14 md:rounded-xl"
                >
                  <svg
                    class="h-6 w-6"
                    fill="none"
                    stroke="currentColor"
                    viewBox="0 0 24 24"
                    xmlns="http://www.w3.org/2000/svg"
                  >
                    <path
                      d="M18.364 5.636l-3.536 3.536m0 5.656l3.536 3.536M9.172 9.172L5.636 5.636m3.536 9.192l-3.536 3.536M21 12a9 9 0 11-18 0 9 9 0 0118 0zm-5 0a4 4 0 11-8 0 4 4 0 018 0z"
                      stroke-linecap="round"
                      stroke-linejoin="round"
                      stroke-width="2"
                    />
                  </svg>
                </div>
                <div>
                  <h3
                    class="mb-2 text-lg font-semibold md:text-xl"
                  >
                    Support
                  </h3>
                  <p
                    class="mb-2 text-slate-500"
                  >
                    Filler text is dummy text which has no meaning however looks very similar to real text.
                  </p>
                  <a
                    class="font-bold text-primary transition duration-100 hover:text-teal-600 active:text-teal-700"
                    href="#"
                  >
                    More
                  </a>
                </div>
              </div>
              <div
                class="flex gap-4 md:gap-6"
              >
                <div
                  class="flex h-12 w-12 shrink-0 items-center justify-center rounded-lg bg-primary text-white shadow-lg md:h-14 md:w-14 md:rounded-xl"
                >
                  <svg
                    class="h-6 w-6"
                    fill="none"
                    stroke="currentColor"
                    viewBox="0 0 24 24"
                    xmlns="http://www.w3.org/2000/svg"
                  >
                    <path
                      d="M20.354 15.354A9 9 0 018.646 3.646 9.003 9.003 0 0012 21a9.003 9.003 0 008.354-5.646z"
                      stroke-linecap="round"
                      stroke-linejoin="round"
                      stroke-width="2"
                    />
                  </svg>
                </div>
                <div>
                  <h3
                    class="mb-2 text-lg font-semibold md:text-xl"
                  >
                    Dark Mode
                  </h3>
                  <p
                    class="mb-2 text-slate-500"
                  >
                    Filler text is dummy text which has no meaning however looks very similar to real text.
                  </p>
                  <a
                    class="font-bold text-primary transition duration-100 hover:text-teal-600 active:text-teal-700"
                    href="#"
                  >
                    More
                  </a>
                </div>
              </div>
            </div>
          </div>
        </div>
      </section>
      <section
        class=""
      >
        <div
          class="container mx-auto px-5 py-12 sm:py-24"
        >
          <div
            class="mb-20 flex w-full flex-col text-center"
          >
            <h2
              class="mb-4 text-center text-2xl font-bold md:mb-6 lg:text-3xl"
            >
              プランと料金
            </h2>
          </div>
          <div
            class="mx-auto w-full overflow-auto lg:w-2/3"
          >
            <table
              class="whitespace-no-wrap w-full table-auto text-left"
            >
              <thead>
                <tr>
                  <th
                    class="title-font rounded-l bg-gray-100 px-4 py-3 text-sm font-medium tracking-wider text-gray-900 dark:bg-zinc-800 dark:text-white"
                  >
                    プラン
                  </th>
                  <th
                    class="title-font bg-gray-100 px-4 py-3 text-sm font-medium tracking-wider text-gray-900 dark:bg-zinc-800 dark:text-white"
                  >
                    ストレージ
                  </th>
                  <th
                    class="title-font rounded-r bg-gray-100 px-4 py-3 text-sm font-medium tracking-wider text-gray-900 dark:bg-zinc-800 dark:text-white"
                  >
                    料金[月額]
                  </th>
                </tr>
              </thead>
              <tbody>
                <tr
                  class="dark:text-slate-50"
                >
                  <td
                    class="px-4 py-3"
                  >
                    Free
                  </td>
                  <td
                    class="px-4 py-3"
                  >
                    1 GB
                  </td>
                  <td
                    class="px-4 py-3 text-lg text-gray-900 dark:text-white"
                  >
                    ￥0
                  </td>
                </tr>
                <tr
                  class="dark:text-slate-50"
                >
                  <td
                    class="px-4 py-3"
                  >
                    Starter
                  </td>
                  <td
                    class="px-4 py-3"
                  >
                    15 GB
                  </td>
                  <td
                    class="px-4 py-3 text-lg text-gray-900 dark:text-white"
                  >
                    ￥900
                  </td>
                </tr>
                <tr
                  class="dark:text-slate-50"
                >
                  <td
                    class="border-t-2 border-gray-200 px-4 py-3"
                  >
                    Pro
                  </td>
                  <td
                    class="border-t-2 border-gray-200 px-4 py-3"
                  >
                    25 GB
                  </td>
                  <td
                    class="border-t-2 border-gray-200 px-4 py-3 text-lg text-gray-900 dark:text-white"
                  >
                    ￥1,500
                  </td>
                </tr>
              </tbody>
            </table>
          </div>
        </div>
      </section>
      <footer
        class="footer bg-neutral p-10 text-neutral-content"
      >
        <nav>
          <header
            class="footer-title"
          >
            サービス
          </header>
          <a
            class="link-hover link"
          >
            Branding
          </a>
          <a
            class="link-hover link"
          >
            Design
          </a>
          <a
            class="link-hover link"
          >
            Marketing
          </a>
          <a
            class="link-hover link"
          >
            Advertisement
          </a>
        </nav>
        <nav>
          <header
            class="footer-title"
          >
            Company
          </header>
          <a
            class="link-hover link"
          >
            About us
          </a>
          <a
            class="link-hover link"
          >
            Contact
          </a>
          <a
            class="link-hover link"
          >
            Jobs
          </a>
          <a
            class="link-hover link"
          >
            Press kit
          </a>
        </nav>
        <nav>
          <header
            class="footer-title"
          >
            Legal
          </header>
          <a
            class="link-hover link"
          >
            Terms of use
          </a>
          <a
            class="link-hover link"
          >
            Privacy policy
          </a>
          <a
            class="link-hover link"
          >
            Cookie policy
          </a>
        </nav>
      </footer>
    </div>
  </body>,
  "container": <div>
    <nav
      class="navbar bg-slate-50 dark:bg-slate-900"
    >
      <div
        class="navbar-start"
      >
        <div
          class="dropdown"
        >
          <label
            class="btn btn-ghost lg:hidden"
            tabindex="0"
          >
            <svg
              class="h-5 w-5"
              fill="none"
              stroke="currentColor"
              viewBox="0 0 24 24"
              xmlns="http://www.w3.org/2000/svg"
            >
              <path
                d="M4 6h16M4 12h8m-8 6h16"
                stroke-linecap="round"
                stroke-linejoin="round"
                stroke-width="2"
              />
            </svg>
          </label>
          <ul
            class="menu dropdown-content menu-sm z-[1] mt-3 w-52 rounded-box bg-base-100 p-2 shadow dark:bg-slate-900"
            tabindex="0"
          >
            <li>
              <a
                href="#"
              >
                Item 1
              </a>
            </li>
            <li>
              <a
                href="#"
              >
                Parent
              </a>
              <ul
                class="p-2"
              >
                <li>
                  <a
                    href="#"
                  >
                    Submenu 1
                  </a>
                </li>
                <li>
                  <a
                    href="#"
                  >
                    Submenu 2
                  </a>
                </li>
              </ul>
            </li>
            <li>
              <a
                href="#"
              >
                Item 3
              </a>
            </li>
          </ul>
        </div>
        <a
          class="btn btn-ghost text-xl"
          href="/"
        >
          <img
            alt="wikimap-logo"
            class="h-8"
            data-nimg="1"
            decoding="async"
            height="40"
            loading="lazy"
            src="/_next/image?url=https%3A%2F%2Fimagedelivery.net%2F_ZgxhjwzRQrsPvI8IazDLA%2Fe6b20493-4f2c-44ed-1bcc-0a5774ac4300%2Fpublic&w=256&q=75"
            srcset="/_next/image?url=https%3A%2F%2Fimagedelivery.net%2F_ZgxhjwzRQrsPvI8IazDLA%2Fe6b20493-4f2c-44ed-1bcc-0a5774ac4300%2Fpublic&w=128&q=75 1x, /_next/image?url=https%3A%2F%2Fimagedelivery.net%2F_ZgxhjwzRQrsPvI8IazDLA%2Fe6b20493-4f2c-44ed-1bcc-0a5774ac4300%2Fpublic&w=256&q=75 2x"
            style="color: transparent;"
            width="115"
          />
        </a>
      </div>
      <div
        class="navbar-center hidden lg:flex"
      >
        <ul
          class="menu menu-horizontal px-1"
        >
          <li>
            <a
              href="#"
            >
              Item 1
            </a>
          </li>
          <li
            tabindex="0"
          >
            <details>
              <summary>
                Parent
              </summary>
              <ul
                class="p-2 dark:bg-slate-900"
              >
                <li>
                  <a
                    href="#"
                  >
                    Submenu 1
                  </a>
                </li>
                <li>
                  <a
                    href="#"
                  >
                    Submenu 2
                  </a>
                </li>
              </ul>
            </details>
          </li>
          <li>
            <a
              href="#"
            >
              Item 3
            </a>
          </li>
        </ul>
      </div>
      <div
        class="navbar-end"
      >
        <a
          class="btn btn-primary"
          href="/id-sample"
        >
          アプリへ
        </a>
      </div>
    </nav>
    <section
      class="hero py-32"
      style="background-image: url(https://imagedelivery.net/_ZgxhjwzRQrsPvI8IazDLA/0e16b2d7-ec61-4094-52fc-fd4ed725ea00/public);"
    >
      <div
        class="hero-content text-center text-neutral-content"
      >
        <div
          class="max-w-md"
        >
          <h1
            class="mb-5 text-5xl font-bold"
          >
            Wikimap
          </h1>
          <p
            class="mb-5"
          >
            Provident cupiditate voluptatem et in. Quaerat fugiat ut assumenda excepturi exercitationem quasi. In deleniti eaque aut repudiandae et a id nisi.
          </p>
          <button
            class="btn btn-primary"
          >
            Get Started
          </button>
        </div>
      </div>
    </section>
    <section
      class="bg-slate-50 dark:bg-slate-900"
      id="feature"
    >
      <div
        class="py-6 sm:py-8 lg:py-12"
      >
        <div
          class="mx-auto max-w-screen-2xl px-4 md:px-8"
        >
          <div
            class="mb-10 md:mb-16"
          >
            <h2
              class="mb-4 text-center text-2xl font-bold md:mb-6 lg:text-3xl"
            >
              主な機能
            </h2>
            <p
              class="mx-auto max-w-screen-md text-center text-slate-500 md:text-lg"
            >
              This is a section of some simple filler text, also known as placeholder text. It shares some characteristics of a real written text but is random or otherwise generated.
            </p>
          </div>
          <div
            class="grid gap-8 sm:grid-cols-2 md:gap-12 xl:grid-cols-3 xl:gap-16"
          >
            <div
              class="flex gap-4 md:gap-6"
            >
              <div
                class="flex h-12 w-12 shrink-0 items-center justify-center rounded-lg bg-primary text-white shadow-lg md:h-14 md:w-14 md:rounded-xl"
              >
                <svg
                  class="h-6 w-6"
                  fill="none"
                  stroke="currentColor"
                  viewBox="0 0 24 24"
                  xmlns="http://www.w3.org/2000/svg"
                >
                  <path
                    d="M13 7h8m0 0v8m0-8l-8 8-4-4-6 6"
                    stroke-linecap="round"
                    stroke-linejoin="round"
                    stroke-width="2"
                  />
                </svg>
              </div>
              <div>
                <h3
                  class="mb-2 text-lg font-semibold md:text-xl"
                >
                  Growth
                </h3>
                <p
                  class="mb-2 text-slate-500"
                >
                  Filler text is dummy text which has no meaning however looks very similar to real text.
                </p>
                <a
                  class="font-bold text-primary transition duration-100 hover:text-teal-600 active:text-teal-700"
                  href="#"
                >
                  More
                </a>
              </div>
            </div>
            <div
              class="flex gap-4 md:gap-6"
            >
              <div
                class="flex h-12 w-12 shrink-0 items-center justify-center rounded-lg bg-primary text-white shadow-lg md:h-14 md:w-14 md:rounded-xl"
              >
                <svg
                  class="h-6 w-6"
                  fill="none"
                  stroke="currentColor"
                  viewBox="0 0 24 24"
                  xmlns="http://www.w3.org/2000/svg"
                >
                  <path
                    d="M12 15v2m-6 4h12a2 2 0 002-2v-6a2 2 0 00-2-2H6a2 2 0 00-2 2v6a2 2 0 002 2zm10-10V7a4 4 0 00-8 0v4h8z"
                    stroke-linecap="round"
                    stroke-linejoin="round"
                    stroke-width="2"
                  />
                </svg>
              </div>
              <div>
                <h3
                  class="mb-2 text-lg font-semibold md:text-xl"
                >
                  Security
                </h3>
                <p
                  class="mb-2 text-slate-500"
                >
                  Filler text is dummy text which has no meaning however looks very similar to real text.
                </p>
                <a
                  class="font-bold text-primary transition duration-100 hover:text-teal-600 active:text-teal-700"
                  href="#"
                >
                  More
                </a>
              </div>
            </div>
            <div
              class="flex gap-4 md:gap-6"
            >
              <div
                class="flex h-12 w-12 shrink-0 items-center justify-center rounded-lg bg-primary text-white shadow-lg md:h-14 md:w-14 md:rounded-xl"
              >
                <svg
                  class="h-6 w-6"
                  fill="none"
                  stroke="currentColor"
                  viewBox="0 0 24 24"
                  xmlns="http://www.w3.org/2000/svg"
                >
                  <path
                    d="M3 15a4 4 0 004 4h9a5 5 0 10-.1-9.999 5.002 5.002 0 10-9.78 2.096A4.001 4.001 0 003 15z"
                    stroke-linecap="round"
                    stroke-linejoin="round"
                    stroke-width="2"
                  />
                </svg>
              </div>
              <div>
                <h3
                  class="mb-2 text-lg font-semibold md:text-xl"
                >
                  Cloud
                </h3>
                <p
                  class="mb-2 text-slate-500"
                >
                  Filler text is dummy text which has no meaning however looks very similar to real text.
                </p>
                <a
                  class="font-bold text-primary transition duration-100 hover:text-teal-600 active:text-teal-700"
                  href="#"
                >
                  More
                </a>
              </div>
            </div>
            <div
              class="flex gap-4 md:gap-6"
            >
              <div
                class="flex h-12 w-12 shrink-0 items-center justify-center rounded-lg bg-primary text-white shadow-lg md:h-14 md:w-14 md:rounded-xl"
              >
                <svg
                  class="h-6 w-6"
                  fill="none"
                  stroke="currentColor"
                  viewBox="0 0 24 24"
                  xmlns="http://www.w3.org/2000/svg"
                >
                  <path
                    d="M13 10V3L4 14h7v7l9-11h-7z"
                    stroke-linecap="round"
                    stroke-linejoin="round"
                    stroke-width="2"
                  />
                </svg>
              </div>
              <div>
                <h3
                  class="mb-2 text-lg font-semibold md:text-xl"
                >
                  Speed
                </h3>
                <p
                  class="mb-2 text-slate-500"
                >
                  Filler text is dummy text which has no meaning however looks very similar to real text.
                </p>
                <a
                  class="font-bold text-primary transition duration-100 hover:text-teal-600 active:text-teal-700"
                  href="#"
                >
                  More
                </a>
              </div>
            </div>
            <div
              class="flex gap-4 md:gap-6"
            >
              <div
                class="flex h-12 w-12 shrink-0 items-center justify-center rounded-lg bg-primary text-white shadow-lg md:h-14 md:w-14 md:rounded-xl"
              >
                <svg
                  class="h-6 w-6"
                  fill="none"
                  stroke="currentColor"
                  viewBox="0 0 24 24"
                  xmlns="http://www.w3.org/2000/svg"
                >
                  <path
                    d="M18.364 5.636l-3.536 3.536m0 5.656l3.536 3.536M9.172 9.172L5.636 5.636m3.536 9.192l-3.536 3.536M21 12a9 9 0 11-18 0 9 9 0 0118 0zm-5 0a4 4 0 11-8 0 4 4 0 018 0z"
                    stroke-linecap="round"
                    stroke-linejoin="round"
                    stroke-width="2"
                  />
                </svg>
              </div>
              <div>
                <h3
                  class="mb-2 text-lg font-semibold md:text-xl"
                >
                  Support
                </h3>
                <p
                  class="mb-2 text-slate-500"
                >
                  Filler text is dummy text which has no meaning however looks very similar to real text.
                </p>
                <a
                  class="font-bold text-primary transition duration-100 hover:text-teal-600 active:text-teal-700"
                  href="#"
                >
                  More
                </a>
              </div>
            </div>
            <div
              class="flex gap-4 md:gap-6"
            >
              <div
                class="flex h-12 w-12 shrink-0 items-center justify-center rounded-lg bg-primary text-white shadow-lg md:h-14 md:w-14 md:rounded-xl"
              >
                <svg
                  class="h-6 w-6"
                  fill="none"
                  stroke="currentColor"
                  viewBox="0 0 24 24"
                  xmlns="http://www.w3.org/2000/svg"
                >
                  <path
                    d="M20.354 15.354A9 9 0 018.646 3.646 9.003 9.003 0 0012 21a9.003 9.003 0 008.354-5.646z"
                    stroke-linecap="round"
                    stroke-linejoin="round"
                    stroke-width="2"
                  />
                </svg>
              </div>
              <div>
                <h3
                  class="mb-2 text-lg font-semibold md:text-xl"
                >
                  Dark Mode
                </h3>
                <p
                  class="mb-2 text-slate-500"
                >
                  Filler text is dummy text which has no meaning however looks very similar to real text.
                </p>
                <a
                  class="font-bold text-primary transition duration-100 hover:text-teal-600 active:text-teal-700"
                  href="#"
                >
                  More
                </a>
              </div>
            </div>
          </div>
        </div>
      </div>
    </section>
    <section
      class=""
    >
      <div
        class="container mx-auto px-5 py-12 sm:py-24"
      >
        <div
          class="mb-20 flex w-full flex-col text-center"
        >
          <h2
            class="mb-4 text-center text-2xl font-bold md:mb-6 lg:text-3xl"
          >
            プランと料金
          </h2>
        </div>
        <div
          class="mx-auto w-full overflow-auto lg:w-2/3"
        >
          <table
            class="whitespace-no-wrap w-full table-auto text-left"
          >
            <thead>
              <tr>
                <th
                  class="title-font rounded-l bg-gray-100 px-4 py-3 text-sm font-medium tracking-wider text-gray-900 dark:bg-zinc-800 dark:text-white"
                >
                  プラン
                </th>
                <th
                  class="title-font bg-gray-100 px-4 py-3 text-sm font-medium tracking-wider text-gray-900 dark:bg-zinc-800 dark:text-white"
                >
                  ストレージ
                </th>
                <th
                  class="title-font rounded-r bg-gray-100 px-4 py-3 text-sm font-medium tracking-wider text-gray-900 dark:bg-zinc-800 dark:text-white"
                >
                  料金[月額]
                </th>
              </tr>
            </thead>
            <tbody>
              <tr
                class="dark:text-slate-50"
              >
                <td
                  class="px-4 py-3"
                >
                  Free
                </td>
                <td
                  class="px-4 py-3"
                >
                  1 GB
                </td>
                <td
                  class="px-4 py-3 text-lg text-gray-900 dark:text-white"
                >
                  ￥0
                </td>
              </tr>
              <tr
                class="dark:text-slate-50"
              >
                <td
                  class="px-4 py-3"
                >
                  Starter
                </td>
                <td
                  class="px-4 py-3"
                >
                  15 GB
                </td>
                <td
                  class="px-4 py-3 text-lg text-gray-900 dark:text-white"
                >
                  ￥900
                </td>
              </tr>
              <tr
                class="dark:text-slate-50"
              >
                <td
                  class="border-t-2 border-gray-200 px-4 py-3"
                >
                  Pro
                </td>
                <td
                  class="border-t-2 border-gray-200 px-4 py-3"
                >
                  25 GB
                </td>
                <td
                  class="border-t-2 border-gray-200 px-4 py-3 text-lg text-gray-900 dark:text-white"
                >
                  ￥1,500
                </td>
              </tr>
            </tbody>
          </table>
        </div>
      </div>
    </section>
    <footer
      class="footer bg-neutral p-10 text-neutral-content"
    >
      <nav>
        <header
          class="footer-title"
        >
          サービス
        </header>
        <a
          class="link-hover link"
        >
          Branding
        </a>
        <a
          class="link-hover link"
        >
          Design
        </a>
        <a
          class="link-hover link"
        >
          Marketing
        </a>
        <a
          class="link-hover link"
        >
          Advertisement
        </a>
      </nav>
      <nav>
        <header
          class="footer-title"
        >
          Company
        </header>
        <a
          class="link-hover link"
        >
          About us
        </a>
        <a
          class="link-hover link"
        >
          Contact
        </a>
        <a
          class="link-hover link"
        >
          Jobs
        </a>
        <a
          class="link-hover link"
        >
          Press kit
        </a>
      </nav>
      <nav>
        <header
          class="footer-title"
        >
          Legal
        </header>
        <a
          class="link-hover link"
        >
          Terms of use
        </a>
        <a
          class="link-hover link"
        >
          Privacy policy
        </a>
        <a
          class="link-hover link"
        >
          Cookie policy
        </a>
      </nav>
    </footer>
  </div>,
  "debug": [Function],
  "findAllByAltText": [Function],
  "findAllByDisplayValue": [Function],
  "findAllByLabelText": [Function],
  "findAllByPlaceholderText": [Function],
  "findAllByRole": [Function],
  "findAllByTestId": [Function],
  "findAllByText": [Function],
  "findAllByTitle": [Function],
  "findByAltText": [Function],
  "findByDisplayValue": [Function],
  "findByLabelText": [Function],
  "findByPlaceholderText": [Function],
  "findByRole": [Function],
  "findByTestId": [Function],
  "findByText": [Function],
  "findByTitle": [Function],
  "getAllByAltText": [Function],
  "getAllByDisplayValue": [Function],
  "getAllByLabelText": [Function],
  "getAllByPlaceholderText": [Function],
  "getAllByRole": [Function],
  "getAllByTestId": [Function],
  "getAllByText": [Function],
  "getAllByTitle": [Function],
  "getByAltText": [Function],
  "getByDisplayValue": [Function],
  "getByLabelText": [Function],
  "getByPlaceholderText": [Function],
  "getByRole": [Function],
  "getByTestId": [Function],
  "getByText": [Function],
  "getByTitle": [Function],
  "queryAllByAltText": [Function],
  "queryAllByDisplayValue": [Function],
  "queryAllByLabelText": [Function],
  "queryAllByPlaceholderText": [Function],
  "queryAllByRole": [Function],
  "queryAllByTestId": [Function],
  "queryAllByText": [Function],
  "queryAllByTitle": [Function],
  "queryByAltText": [Function],
  "queryByDisplayValue": [Function],
  "queryByLabelText": [Function],
  "queryByPlaceholderText": [Function],
  "queryByRole": [Function],
  "queryByTestId": [Function],
  "queryByText": [Function],
  "queryByTitle": [Function],
  "rerender": [Function],
  "unmount": [Function],
}
`;
