// Jest Snapshot v1, https://goo.gl/fbAQLP

exports[`Organisms/Navbar コンポーネント スナップショットテスト Renders Default story 1`] = `
{
  "asFragment": [Function],
  "baseElement": <body>
    <div>
      <section
        class=""
      >
        <div
          class="container mx-auto px-5 py-12 sm:py-24"
        >
          <div
            class="mb-20 flex w-full flex-col text-center"
          >
            <h2
              class="mb-4 text-center text-2xl font-bold md:mb-6 lg:text-3xl"
            >
              プランと料金
            </h2>
          </div>
          <div
            class="mx-auto w-full overflow-auto lg:w-2/3"
          >
            <table
              class="whitespace-no-wrap w-full table-auto text-left"
            >
              <thead>
                <tr>
                  <th
                    class="title-font rounded-l bg-gray-100 px-4 py-3 text-sm font-medium tracking-wider text-gray-900 dark:bg-zinc-800 dark:text-white"
                  >
                    プラン
                  </th>
                  <th
                    class="title-font bg-gray-100 px-4 py-3 text-sm font-medium tracking-wider text-gray-900 dark:bg-zinc-800 dark:text-white"
                  >
                    ストレージ
                  </th>
                  <th
                    class="title-font rounded-r bg-gray-100 px-4 py-3 text-sm font-medium tracking-wider text-gray-900 dark:bg-zinc-800 dark:text-white"
                  >
                    料金[月額]
                  </th>
                </tr>
              </thead>
              <tbody>
                <tr
                  class="dark:text-slate-50"
                >
                  <td
                    class="px-4 py-3"
                  >
                    Free
                  </td>
                  <td
                    class="px-4 py-3"
                  >
                    1 GB
                  </td>
                  <td
                    class="px-4 py-3 text-lg text-gray-900 dark:text-white"
                  >
                    ￥0
                  </td>
                </tr>
                <tr
                  class="dark:text-slate-50"
                >
                  <td
                    class="px-4 py-3"
                  >
                    Starter
                  </td>
                  <td
                    class="px-4 py-3"
                  >
                    15 GB
                  </td>
                  <td
                    class="px-4 py-3 text-lg text-gray-900 dark:text-white"
                  >
                    ￥900
                  </td>
                </tr>
                <tr
                  class="dark:text-slate-50"
                >
                  <td
                    class="border-t-2 border-gray-200 px-4 py-3"
                  >
                    Pro
                  </td>
                  <td
                    class="border-t-2 border-gray-200 px-4 py-3"
                  >
                    25 GB
                  </td>
                  <td
                    class="border-t-2 border-gray-200 px-4 py-3 text-lg text-gray-900 dark:text-white"
                  >
                    ￥1,500
                  </td>
                </tr>
              </tbody>
            </table>
          </div>
        </div>
      </section>
    </div>
  </body>,
  "container": <div>
    <section
      class=""
    >
      <div
        class="container mx-auto px-5 py-12 sm:py-24"
      >
        <div
          class="mb-20 flex w-full flex-col text-center"
        >
          <h2
            class="mb-4 text-center text-2xl font-bold md:mb-6 lg:text-3xl"
          >
            プランと料金
          </h2>
        </div>
        <div
          class="mx-auto w-full overflow-auto lg:w-2/3"
        >
          <table
            class="whitespace-no-wrap w-full table-auto text-left"
          >
            <thead>
              <tr>
                <th
                  class="title-font rounded-l bg-gray-100 px-4 py-3 text-sm font-medium tracking-wider text-gray-900 dark:bg-zinc-800 dark:text-white"
                >
                  プラン
                </th>
                <th
                  class="title-font bg-gray-100 px-4 py-3 text-sm font-medium tracking-wider text-gray-900 dark:bg-zinc-800 dark:text-white"
                >
                  ストレージ
                </th>
                <th
                  class="title-font rounded-r bg-gray-100 px-4 py-3 text-sm font-medium tracking-wider text-gray-900 dark:bg-zinc-800 dark:text-white"
                >
                  料金[月額]
                </th>
              </tr>
            </thead>
            <tbody>
              <tr
                class="dark:text-slate-50"
              >
                <td
                  class="px-4 py-3"
                >
                  Free
                </td>
                <td
                  class="px-4 py-3"
                >
                  1 GB
                </td>
                <td
                  class="px-4 py-3 text-lg text-gray-900 dark:text-white"
                >
                  ￥0
                </td>
              </tr>
              <tr
                class="dark:text-slate-50"
              >
                <td
                  class="px-4 py-3"
                >
                  Starter
                </td>
                <td
                  class="px-4 py-3"
                >
                  15 GB
                </td>
                <td
                  class="px-4 py-3 text-lg text-gray-900 dark:text-white"
                >
                  ￥900
                </td>
              </tr>
              <tr
                class="dark:text-slate-50"
              >
                <td
                  class="border-t-2 border-gray-200 px-4 py-3"
                >
                  Pro
                </td>
                <td
                  class="border-t-2 border-gray-200 px-4 py-3"
                >
                  25 GB
                </td>
                <td
                  class="border-t-2 border-gray-200 px-4 py-3 text-lg text-gray-900 dark:text-white"
                >
                  ￥1,500
                </td>
              </tr>
            </tbody>
          </table>
        </div>
      </div>
    </section>
  </div>,
  "debug": [Function],
  "findAllByAltText": [Function],
  "findAllByDisplayValue": [Function],
  "findAllByLabelText": [Function],
  "findAllByPlaceholderText": [Function],
  "findAllByRole": [Function],
  "findAllByTestId": [Function],
  "findAllByText": [Function],
  "findAllByTitle": [Function],
  "findByAltText": [Function],
  "findByDisplayValue": [Function],
  "findByLabelText": [Function],
  "findByPlaceholderText": [Function],
  "findByRole": [Function],
  "findByTestId": [Function],
  "findByText": [Function],
  "findByTitle": [Function],
  "getAllByAltText": [Function],
  "getAllByDisplayValue": [Function],
  "getAllByLabelText": [Function],
  "getAllByPlaceholderText": [Function],
  "getAllByRole": [Function],
  "getAllByTestId": [Function],
  "getAllByText": [Function],
  "getAllByTitle": [Function],
  "getByAltText": [Function],
  "getByDisplayValue": [Function],
  "getByLabelText": [Function],
  "getByPlaceholderText": [Function],
  "getByRole": [Function],
  "getByTestId": [Function],
  "getByText": [Function],
  "getByTitle": [Function],
  "queryAllByAltText": [Function],
  "queryAllByDisplayValue": [Function],
  "queryAllByLabelText": [Function],
  "queryAllByPlaceholderText": [Function],
  "queryAllByRole": [Function],
  "queryAllByTestId": [Function],
  "queryAllByText": [Function],
  "queryAllByTitle": [Function],
  "queryByAltText": [Function],
  "queryByDisplayValue": [Function],
  "queryByLabelText": [Function],
  "queryByPlaceholderText": [Function],
  "queryByRole": [Function],
  "queryByTestId": [Function],
  "queryByText": [Function],
  "queryByTitle": [Function],
  "rerender": [Function],
  "unmount": [Function],
}
`;
